Archive member included to satisfy reference by file (symbol)

/Applications/STM32CubeIDE.app/Contents/Eclipse/plugins/com.st.stm32cube.ide.mcu.externaltools.gnu-tools-for-stm32.13.3.rel1.macos64_1.0.0.202411102158/tools/bin/../lib/gcc/arm-none-eabi/13.3.1/../../../../arm-none-eabi/lib/thumb/v7e-m+fp/hard/libc_nano.a(libc_a-exit.o)
                              /Applications/STM32CubeIDE.app/Contents/Eclipse/plugins/com.st.stm32cube.ide.mcu.externaltools.gnu-tools-for-stm32.13.3.rel1.macos64_1.0.0.202411102158/tools/bin/../lib/gcc/arm-none-eabi/13.3.1/../../../../arm-none-eabi/lib/thumb/v7e-m+fp/hard/crt0.o (exit)
/Applications/STM32CubeIDE.app/Contents/Eclipse/plugins/com.st.stm32cube.ide.mcu.externaltools.gnu-tools-for-stm32.13.3.rel1.macos64_1.0.0.202411102158/tools/bin/../lib/gcc/arm-none-eabi/13.3.1/../../../../arm-none-eabi/lib/thumb/v7e-m+fp/hard/libc_nano.a(libc_a-findfp.o)
                              /Applications/STM32CubeIDE.app/Contents/Eclipse/plugins/com.st.stm32cube.ide.mcu.externaltools.gnu-tools-for-stm32.13.3.rel1.macos64_1.0.0.202411102158/tools/bin/../lib/gcc/arm-none-eabi/13.3.1/../../../../arm-none-eabi/lib/thumb/v7e-m+fp/hard/libc_nano.a(libc_a-exit.o) (__stdio_exit_handler)
/Applications/STM32CubeIDE.app/Contents/Eclipse/plugins/com.st.stm32cube.ide.mcu.externaltools.gnu-tools-for-stm32.13.3.rel1.macos64_1.0.0.202411102158/tools/bin/../lib/gcc/arm-none-eabi/13.3.1/../../../../arm-none-eabi/lib/thumb/v7e-m+fp/hard/libc_nano.a(libc_a-fwalk.o)
                              /Applications/STM32CubeIDE.app/Contents/Eclipse/plugins/com.st.stm32cube.ide.mcu.externaltools.gnu-tools-for-stm32.13.3.rel1.macos64_1.0.0.202411102158/tools/bin/../lib/gcc/arm-none-eabi/13.3.1/../../../../arm-none-eabi/lib/thumb/v7e-m+fp/hard/libc_nano.a(libc_a-findfp.o) (_fwalk_sglue)
/Applications/STM32CubeIDE.app/Contents/Eclipse/plugins/com.st.stm32cube.ide.mcu.externaltools.gnu-tools-for-stm32.13.3.rel1.macos64_1.0.0.202411102158/tools/bin/../lib/gcc/arm-none-eabi/13.3.1/../../../../arm-none-eabi/lib/thumb/v7e-m+fp/hard/libc_nano.a(libc_a-memset.o)
                              /Applications/STM32CubeIDE.app/Contents/Eclipse/plugins/com.st.stm32cube.ide.mcu.externaltools.gnu-tools-for-stm32.13.3.rel1.macos64_1.0.0.202411102158/tools/bin/../lib/gcc/arm-none-eabi/13.3.1/../../../../arm-none-eabi/lib/thumb/v7e-m+fp/hard/crt0.o (memset)
/Applications/STM32CubeIDE.app/Contents/Eclipse/plugins/com.st.stm32cube.ide.mcu.externaltools.gnu-tools-for-stm32.13.3.rel1.macos64_1.0.0.202411102158/tools/bin/../lib/gcc/arm-none-eabi/13.3.1/../../../../arm-none-eabi/lib/thumb/v7e-m+fp/hard/libc_nano.a(libc_a-errno.o)
                              ./Core/Src/syscalls.o (__errno)
/Applications/STM32CubeIDE.app/Contents/Eclipse/plugins/com.st.stm32cube.ide.mcu.externaltools.gnu-tools-for-stm32.13.3.rel1.macos64_1.0.0.202411102158/tools/bin/../lib/gcc/arm-none-eabi/13.3.1/../../../../arm-none-eabi/lib/thumb/v7e-m+fp/hard/libc_nano.a(libc_a-init.o)
                              /Applications/STM32CubeIDE.app/Contents/Eclipse/plugins/com.st.stm32cube.ide.mcu.externaltools.gnu-tools-for-stm32.13.3.rel1.macos64_1.0.0.202411102158/tools/bin/../lib/gcc/arm-none-eabi/13.3.1/../../../../arm-none-eabi/lib/thumb/v7e-m+fp/hard/crt0.o (__libc_init_array)
/Applications/STM32CubeIDE.app/Contents/Eclipse/plugins/com.st.stm32cube.ide.mcu.externaltools.gnu-tools-for-stm32.13.3.rel1.macos64_1.0.0.202411102158/tools/bin/../lib/gcc/arm-none-eabi/13.3.1/../../../../arm-none-eabi/lib/thumb/v7e-m+fp/hard/libc_nano.a(libc_a-lock.o)
                              /Applications/STM32CubeIDE.app/Contents/Eclipse/plugins/com.st.stm32cube.ide.mcu.externaltools.gnu-tools-for-stm32.13.3.rel1.macos64_1.0.0.202411102158/tools/bin/../lib/gcc/arm-none-eabi/13.3.1/../../../../arm-none-eabi/lib/thumb/v7e-m+fp/hard/libc_nano.a(libc_a-findfp.o) (__retarget_lock_init_recursive)
/Applications/STM32CubeIDE.app/Contents/Eclipse/plugins/com.st.stm32cube.ide.mcu.externaltools.gnu-tools-for-stm32.13.3.rel1.macos64_1.0.0.202411102158/tools/bin/../lib/gcc/arm-none-eabi/13.3.1/../../../../arm-none-eabi/lib/thumb/v7e-m+fp/hard/libc_nano.a(libc_a-impure.o)
                              /Applications/STM32CubeIDE.app/Contents/Eclipse/plugins/com.st.stm32cube.ide.mcu.externaltools.gnu-tools-for-stm32.13.3.rel1.macos64_1.0.0.202411102158/tools/bin/../lib/gcc/arm-none-eabi/13.3.1/../../../../arm-none-eabi/lib/thumb/v7e-m+fp/hard/libc_nano.a(libc_a-errno.o) (_impure_ptr)
/Applications/STM32CubeIDE.app/Contents/Eclipse/plugins/com.st.stm32cube.ide.mcu.externaltools.gnu-tools-for-stm32.13.3.rel1.macos64_1.0.0.202411102158/tools/bin/../lib/gcc/arm-none-eabi/13.3.1/../../../../arm-none-eabi/lib/thumb/v7e-m+fp/hard/libc_nano.a(libc_a-mallocr.o)
[...]
Memory Configuration

Name             Origin             Length             Attributes
RAM              0x20000000         0x0000c000         xrw
RAM2             0x10000000         0x00004000         xrw
FLASH            0x08000000         0x00040000         xr
*default*        0x00000000         0xffffffff

Linker script and memory map

LOAD /Applications/STM32CubeIDE.app/Contents/Eclipse/plugins/com.st.stm32cube.ide.mcu.externaltools.gnu-tools-for-stm32.13.3.rel1.macos64_1.0.0.202411102158/tools/bin/../lib/gcc/arm-none-eabi/13.3.1/thumb/v7e-m+fp/hard/crti.o
LOAD /Applications/STM32CubeIDE.app/Contents/Eclipse/plugins/com.st.stm32cube.ide.mcu.externaltools.gnu-tools-for-stm32.13.3.rel1.macos64_1.0.0.202411102158/tools/bin/../lib/gcc/arm-none-eabi/13.3.1/thumb/v7e-m+fp/hard/crtbegin.o
LOAD /Applications/STM32CubeIDE.app/Contents/Eclipse/plugins/com.st.stm32cube.ide.mcu.externaltools.gnu-tools-for-stm32.13.3.rel1.macos64_1.0.0.202411102158/tools/bin/../lib/gcc/arm-none-eabi/13.3.1/../../../../arm-none-eabi/lib/thumb/v7e-m+fp/hard/crt0.o
LOAD ./Core/Src/adc.o
LOAD ./Core/Src/can.o
LOAD ./Core/Src/dma.o
LOAD ./Core/Src/gpio.o
LOAD ./Core/Src/main.o
LOAD ./Core/Src/mcp3204.o
LOAD ./Core/Src/spi.o
LOAD ./Core/Src/stm32l4xx_hal_msp.o
LOAD ./Core/Src/stm32l4xx_it.o
LOAD ./Core/Src/syscalls.o
LOAD ./Core/Src/sysmem.o
LOAD ./Core/Src/system_stm32l4xx.o
LOAD ./Core/Src/voltage_calculations.o
LOAD ./Core/Startup/startup_stm32l432kcux.o
LOAD ./Drivers/STM32L4xx_HAL_Driver/Src/stm32l4xx_hal.o
LOAD ./Drivers/STM32L4xx_HAL_Driver/Src/stm32l4xx_hal_adc.o
LOAD ./Drivers/STM32L4xx_HAL_Driver/Src/stm32l4xx_hal_adc_ex.o
LOAD ./Drivers/STM32L4xx_HAL_Driver/Src/stm32l4xx_hal_can.o
LOAD ./Drivers/STM32L4xx_HAL_Driver/Src/stm32l4xx_hal_cortex.o
LOAD ./Drivers/STM32L4xx_HAL_Driver/Src/stm32l4xx_hal_dma.o
LOAD ./Drivers/STM32L4xx_HAL_Driver/Src/stm32l4xx_hal_dma_ex.o
LOAD ./Drivers/STM32L4xx_HAL_Driver/Src/stm32l4xx_hal_exti.o
LOAD ./Drivers/STM32L4xx_HAL_Driver/Src/stm32l4xx_hal_flash.o
LOAD ./Drivers/STM32L4xx_HAL_Driver/Src/stm32l4xx_hal_flash_ex.o
LOAD ./Drivers/STM32L4xx_HAL_Driver/Src/stm32l4xx_hal_flash_ramfunc.o
LOAD ./Drivers/STM32L4xx_HAL_Driver/Src/stm32l4xx_hal_gpio.o
LOAD ./Drivers/STM32L4xx_HAL_Driver/Src/stm32l4xx_hal_i2c.o
LOAD ./Drivers/STM32L4xx_HAL_Driver/Src/stm32l4xx_hal_i2c_ex.o
LOAD ./Drivers/STM32L4xx_HAL_Driver/Src/stm32l4xx_hal_pwr.o
LOAD ./Drivers/STM32L4xx_HAL_Driver/Src/stm32l4xx_hal_pwr_ex.o
LOAD ./Drivers/STM32L4xx_HAL_Driver/Src/stm32l4xx_hal_rcc.o
LOAD ./Drivers/STM32L4xx_HAL_Driver/Src/stm32l4xx_hal_rcc_ex.o
LOAD ./Drivers/STM32L4xx_HAL_Driver/Src/stm32l4xx_hal_spi.o
LOAD ./Drivers/STM32L4xx_HAL_Driver/Src/stm32l4xx_hal_spi_ex.o
START GROUP
LOAD /Applications/STM32CubeIDE.app/Contents/Eclipse/plugins/com.st.stm32cube.ide.mcu.externaltools.gnu-tools-for-stm32.13.3.rel1.macos64_1.0.0.202411102158/tools/bin/../lib/gcc/arm-none-eabi/13.3.1/../../../../arm-none-eabi/lib/thumb/v7e-m+fp/hard/libc_nano.a
LOAD /Applications/STM32CubeIDE.app/Contents/Eclipse/plugins/com.st.stm32cube.ide.mcu.externaltools.gnu-tools-for-stm32.13.3.rel1.macos64_1.0.0.202411102158/tools/bin/../lib/gcc/arm-none-eabi/13.3.1/../../../../arm-none-eabi/lib/thumb/v7e-m+fp/hard/libm.a
END GROUP
START GROUP
LOAD /Applications/STM32CubeIDE.app/Contents/Eclipse/plugins/com.st.stm32cube.ide.mcu.externaltools.gnu-tools-for-stm32.13.3.rel1.macos64_1.0.0.202411102158/tools/bin/../lib/gcc/arm-none-eabi/13.3.1/thumb/v7e-m+fp/hard/libgcc.a
LOAD /Applications/STM32CubeIDE.app/Contents/Eclipse/plugins/com.st.stm32cube.ide.mcu.externaltools.gnu-tools-for-stm32.13.3.rel1.macos64_1.0.0.202411102158/tools/bin/../lib/gcc/arm-none-eabi/13.3.1/../../../../arm-none-eabi/lib/thumb/v7e-m+fp/hard/libc_nano.a
END GROUP
START GROUP
LOAD /Applications/STM32CubeIDE.app/Contents/Eclipse/plugins/com.st.stm32cube.ide.mcu.externaltools.gnu-tools-for-stm32.13.3.rel1.macos64_1.0.0.202411102158/tools/bin/../lib/gcc/arm-none-eabi/13.3.1/thumb/v7e-m+fp/hard/libgcc.a
LOAD /Applications/STM32CubeIDE.app/Contents/Eclipse/plugins/com.st.stm32cube.ide.mcu.externaltools.gnu-tools-for-stm32.13.3.rel1.macos64_1.0.0.202411102158/tools/bin/../lib/gcc/arm-none-eabi/13.3.1/../../../../arm-none-eabi/lib/thumb/v7e-m+fp/hard/libc_nano.a
LOAD /Applications/STM32CubeIDE.app/Contents/Eclipse/plugins/com.st.stm32cube.ide.mcu.externaltools.gnu-tools-for-stm32.13.3.rel1.macos64_1.0.0.202411102158/tools/bin/../lib/gcc/arm-none-eabi/13.3.1/../../../../arm-none-eabi/lib/thumb/v7e-m+fp/hard/libnosys.a
END GROUP
START GROUP
LOAD /Applications/STM32CubeIDE.app/Contents/Eclipse/plugins/com.st.stm32cube.ide.mcu.externaltools.gnu-tools-for-stm32.13.3.rel1.macos64_1.0.0.202411102158/tools/bin/../lib/gcc/arm-none-eabi/13.3.1/thumb/v7e-m+fp/hard/libgcc.a
LOAD /Applications/STM32CubeIDE.app/Contents/Eclipse/plugins/com.st.stm32cube.ide.mcu.externaltools.gnu-tools-for-stm32.13.3.rel1.macos64_1.0.0.202411102158/tools/bin/../lib/gcc/arm-none-eabi/13.3.1/../../../../arm-none-eabi/lib/thumb/v7e-m+fp/hard/libc_nano.a
LOAD /Applications/STM32CubeIDE.app/Contents/Eclipse/plugins/com.st.stm32cube.ide.mcu.externaltools.gnu-tools-for-stm32.13.3.rel1.macos64_1.0.0.202411102158/tools/bin/../lib/gcc/arm-none-eabi/13.3.1/../../../../arm-none-eabi/lib/thumb/v7e-m+fp/hard/libnosys.a
END GROUP
LOAD /Applications/STM32CubeIDE.app/Contents/Eclipse/plugins/com.st.stm32cube.ide.mcu.externaltools.gnu-tools-for-stm32.13.3.rel1.macos64_1.0.0.202411102158/tools/bin/../lib/gcc/arm-none-eabi/13.3.1/thumb/v7e-m+fp/hard/crtend.o
LOAD /Applications/STM32CubeIDE.app/Contents/Eclipse/plugins/com.st.stm32cube.ide.mcu.externaltools.gnu-tools-for-stm32.13.3.rel1.macos64_1.0.0.202411102158/tools/bin/../lib/gcc/arm-none-eabi/13.3.1/thumb/v7e-m+fp/hard/crtn.o
                0x2000c000                        _estack = (ORIGIN (RAM) + LENGTH (RAM))
                0x00000200                        _Min_Heap_Size = 0x200
                0x00000400                        _Min_Stack_Size = 0x400

.isr_vector     0x08000000      0x18c
                0x08000000                        . = ALIGN (0x4)
 *(.isr_vector)
 .isr_vector    0x08000000      0x18c ./Core/Startup/startup_stm32l432kcux.o
                0x08000000                g_pfnVectors
                0x0800018c                        . = ALIGN (0x4)

.text           0x08000190     0x5670
                0x08000190                        . = ALIGN (0x4)
 *(.text)
 .text          0x08000190       0x40 /Applications/STM32CubeIDE.app/Contents/Eclipse/plugins/com.st.stm32cube.ide.mcu.externaltools.gnu-tools-for-stm32.13.3.rel1.macos64_1.0.0.202411102158/tools/bin/../lib/gcc/arm-none-eabi/13.3.1/thumb/v7e-m+fp/hard/crtbegin.o
 .text          0x080001d0      0x378 /Applications/STM32CubeIDE.app/Contents/Eclipse/plugins/com.st.stm32cube.ide.mcu.externaltools.gnu-tools-for-stm32.13.3.rel1.macos64_1.0.0.202411102158/tools/bin/../lib/gcc/arm-none-eabi/13.3.1/thumb/v7e-m+fp/hard/libgcc.a(_arm_addsubdf3.o)
                0x080001d0                __aeabi_drsub
                0x080001d8                __subdf3
                0x080001d8                __aeabi_dsub
                0x080001dc                __aeabi_dadd
                0x080001dc                __adddf3
                0x08000454                __aeabi_ui2d
                0x08000454                __floatunsidf
                0x08000474                __floatsidf
                0x08000474                __aeabi_i2d
                0x08000498                __extendsfdf2
                0x08000498                __aeabi_f2d
                0x080004dc                __aeabi_ul2d
                0x080004dc                __floatundidf
                0x080004ec                __aeabi_l2d
                0x080004ec                __floatdidf
 .text          0x08000548      0x424 /Applications/STM32CubeIDE.app/Contents/Eclipse/plugins/com.st.stm32cube.ide.mcu.externaltools.gnu-tools-for-stm32.13.3.rel1.macos64_1.0.0.202411102158/tools/bin/../lib/gcc/arm-none-eabi/13.3.1/thumb/v7e-m+fp/hard/libgcc.a(_arm_muldivdf3.o)
                0x08000548                __aeabi_dmul
                0x08000548                __muldf3
                0x0800079c                __aeabi_ddiv
                0x0800079c                __divdf3
 .text          0x0800096c       0xa0 /Applications/STM32CubeIDE.app/Contents/Eclipse/plugins/com.st.stm32cube.ide.mcu.externaltools.gnu-tools-for-stm32.13.3.rel1.macos64_1.0.0.202411102158/tools/bin/../lib/gcc/arm-none-eabi/13.3.1/thumb/v7e-m+fp/hard/libgcc.a(_arm_truncdfsf2.o)
                0x0800096c                __aeabi_d2f
                0x0800096c                __truncdfsf2
 *(.text*)
 .text.MX_ADC1_Init
                0x08000a0c      0x1b0 ./Core/Src/adc.o
                0x08000a0c                MX_ADC1_Init
 .text.HAL_ADC_MspInit
                0x08000bbc      0x128 ./Core/Src/adc.o
                0x08000bbc                HAL_ADC_MspInit
 .text.MX_CAN1_Init
                0x08000ce4       0x6c ./Core/Src/can.o
                0x08000ce4                MX_CAN1_Init
 .text.HAL_CAN_MspInit
                0x08000d50       0xac ./Core/Src/can.o
                0x08000d50                HAL_CAN_MspInit
 .text.MX_DMA_Init
                0x08000dfc       0x3c ./Core/Src/dma.o
                0x08000dfc                MX_DMA_Init
 .text.MX_GPIO_Init
                0x08000e38       0xc4 ./Core/Src/gpio.o
                0x08000e38                MX_GPIO_Init
 .text.main     0x08000efc      0x120 ./Core/Src/main.o
                0x08000efc                main
 .text.SystemClock_Config
                0x0800101c       0x8c ./Core/Src/main.o
                0x0800101c                SystemClock_Config
 .text.Error_Handler
                0x080010a8        0xc ./Core/Src/main.o
                0x080010a8                Error_Handler
 .text.initMCP  0x080010b4       0x66 ./Core/Src/mcp3204.o
                0x080010b4                initMCP
 .text.getADCValue
                0x0800111a       0x8e ./Core/Src/mcp3204.o
                0x0800111a                getADCValue
 .text.computeCH0
                0x080011a8       0x30 ./Core/Src/mcp3204.o
                0x080011a8                computeCH0
 .text.computeCH1
                0x080011d8       0x30 ./Core/Src/mcp3204.o
                0x080011d8                computeCH1
 .text.computeCH2
                0x08001208       0x30 ./Core/Src/mcp3204.o
                0x08001208                computeCH2
 .text.computeCH3
                0x08001238       0x30 ./Core/Src/mcp3204.o
                0x08001238                computeCH3
 .text.computeVoltage
                0x08001268       0x60 ./Core/Src/mcp3204.o
                0x08001268                computeVoltage
 .text.enableCH0
                0x080012c8       0x24 ./Core/Src/mcp3204.o
                0x080012c8                enableCH0
 .text.enableCH1
                0x080012ec       0x24 ./Core/Src/mcp3204.o
                0x080012ec                enableCH1
 .text.enableCH2
                0x08001310       0x24 ./Core/Src/mcp3204.o
                0x08001310                enableCH2
 .text.enableCH3
                0x08001334       0x24 ./Core/Src/mcp3204.o
                0x08001334                enableCH3
 .text.MX_SPI3_Init
                0x08001358       0x7c ./Core/Src/spi.o
                0x08001358                MX_SPI3_Init
 .text.HAL_SPI_MspInit
                0x080013d4       0x88 ./Core/Src/spi.o
                0x080013d4                HAL_SPI_MspInit
 .text.HAL_MspInit
                0x0800145c       0x48 ./Core/Src/stm32l4xx_hal_msp.o
                0x0800145c                HAL_MspInit
 .text.NMI_Handler
                0x080014a4        0x8 ./Core/Src/stm32l4xx_it.o
                0x080014a4                NMI_Handler
 .text.HardFault_Handler
                0x080014ac        0x8 ./Core/Src/stm32l4xx_it.o
                0x080014ac                HardFault_Handler
 .text.MemManage_Handler
                0x080014b4        0x8 ./Core/Src/stm32l4xx_it.o
                0x080014b4                MemManage_Handler
 .text.BusFault_Handler
                0x080014bc        0x8 ./Core/Src/stm32l4xx_it.o
                0x080014bc                BusFault_Handler
 .text.UsageFault_Handler
                0x080014c4        0x8 ./Core/Src/stm32l4xx_it.o
                0x080014c4                UsageFault_Handler
 .text.SVC_Handler
                0x080014cc        0xe ./Core/Src/stm32l4xx_it.o
                0x080014cc                SVC_Handler
 .text.DebugMon_Handler
                0x080014da        0xe ./Core/Src/stm32l4xx_it.o
                0x080014da                DebugMon_Handler
 .text.PendSV_Handler
                0x080014e8        0xe ./Core/Src/stm32l4xx_it.o
                0x080014e8                PendSV_Handler
 .text.SysTick_Handler
                0x080014f6        0xc ./Core/Src/stm32l4xx_it.o
                0x080014f6                SysTick_Handler
 *fill*         0x08001502        0x2 
 .text.DMA1_Channel1_IRQHandler
                0x08001504       0x14 ./Core/Src/stm32l4xx_it.o
                0x08001504                DMA1_Channel1_IRQHandler
 .text.SystemInit
                0x08001518       0x24 ./Core/Src/system_stm32l4xx.o
                0x08001518                SystemInit
 .text.moduleStartup
                0x0800153c       0x68 ./Core/Src/voltage_calculations.o
                0x0800153c                moduleStartup
 .text.computeAllVoltages
                0x080015a4       0x74 ./Core/Src/voltage_calculations.o
                0x080015a4                computeAllVoltages
 .text.computeAllTemps
                0x08001618      0x1fc ./Core/Src/voltage_calculations.o
                0x08001618                computeAllTemps
 *fill*         0x08001814        0x4 
 .text.computeSTM_ADC_Voltages
                0x08001818       0x80 ./Core/Src/voltage_calculations.o
                0x08001818                computeSTM_ADC_Voltages
 .text.voltageToTemp
                0x08001898      0x100 ./Core/Src/voltage_calculations.o
                0x08001898                voltageToTemp
 .text.getLowestTemp
                0x08001998       0x60 ./Core/Src/voltage_calculations.o
                0x08001998                getLowestTemp
 .text.getHighestTemp
                0x080019f8       0x7c ./Core/Src/voltage_calculations.o
                0x080019f8                getHighestTemp
 .text.getAverageTemp
                0x08001a74       0x9c ./Core/Src/voltage_calculations.o
                0x08001a74                getAverageTemp
 .text.formAddressDataframe
                0x08001b10       0x44 ./Core/Src/voltage_calculations.o
                0x08001b10                formAddressDataframe
 .text.formThermistorDataframe
                0x08001b54      0x14c ./Core/Src/voltage_calculations.o
                0x08001b54                formThermistorDataframe
 .text.Reset_Handler
                0x08001ca0       0x50 ./Core/Startup/startup_stm32l432kcux.o
                0x08001ca0                Reset_Handler
 .text.Default_Handler
                0x08001cf0        0x2 ./Core/Startup/startup_stm32l432kcux.o
                0x08001cf0                TIM1_BRK_TIM15_IRQHandler
                0x08001cf0                EXTI2_IRQHandler
                0x08001cf0                TIM1_CC_IRQHandler
                0x08001cf0                TSC_IRQHandler
                0x08001cf0                TAMP_STAMP_IRQHandler
                0x08001cf0                EXTI3_IRQHandler
                0x08001cf0                LPTIM2_IRQHandler
                0x08001cf0                I2C3_ER_IRQHandler
                0x08001cf0                EXTI0_IRQHandler
                0x08001cf0                CAN1_RX0_IRQHandler
                0x08001cf0                FPU_IRQHandler
                0x08001cf0                TIM1_UP_TIM16_IRQHandler
                0x08001cf0                SPI1_IRQHandler
                0x08001cf0                TIM6_DAC_IRQHandler
                0x08001cf0                DMA2_Channel2_IRQHandler
                0x08001cf0                DMA1_Channel4_IRQHandler
                0x08001cf0                ADC1_IRQHandler
                0x08001cf0                DMA1_Channel7_IRQHandler
                0x08001cf0                CAN1_RX1_IRQHandler
                0x08001cf0                DMA2_Channel1_IRQHandler
                0x08001cf0                QUADSPI_IRQHandler
                0x08001cf0                I2C1_EV_IRQHandler
                0x08001cf0                DMA1_Channel6_IRQHandler
                0x08001cf0                DMA2_Channel4_IRQHandler
                0x08001cf0                RCC_IRQHandler
                0x08001cf0                TIM1_TRG_COM_IRQHandler
                0x08001cf0                Default_Handler
                0x08001cf0                DMA2_Channel7_IRQHandler
                0x08001cf0                EXTI15_10_IRQHandler
                0x08001cf0                TIM7_IRQHandler
                0x08001cf0                I2C3_EV_IRQHandler
                0x08001cf0                USB_IRQHandler
                0x08001cf0                EXTI9_5_IRQHandler
                0x08001cf0                RTC_WKUP_IRQHandler
                0x08001cf0                PVD_PVM_IRQHandler
                0x08001cf0                CAN1_TX_IRQHandler
                0x08001cf0                DMA2_Channel5_IRQHandler
                0x08001cf0                CRS_IRQHandler
                0x08001cf0                DMA1_Channel5_IRQHandler
                0x08001cf0                EXTI4_IRQHandler
                0x08001cf0                RNG_IRQHandler
                0x08001cf0                DMA1_Channel3_IRQHandler
                0x08001cf0                COMP_IRQHandler
                0x08001cf0                WWDG_IRQHandler
                0x08001cf0                LPUART1_IRQHandler
                0x08001cf0                DMA2_Channel6_IRQHandler
                0x08001cf0                TIM2_IRQHandler
                0x08001cf0                EXTI1_IRQHandler
                0x08001cf0                USART2_IRQHandler
                0x08001cf0                DMA1_Channel2_IRQHandler
                0x08001cf0                CAN1_SCE_IRQHandler
                0x08001cf0                FLASH_IRQHandler
                0x08001cf0                USART1_IRQHandler
                0x08001cf0                SPI3_IRQHandler
                0x08001cf0                I2C1_ER_IRQHandler
                0x08001cf0                SWPMI1_IRQHandler
                0x08001cf0                LPTIM1_IRQHandler
                0x08001cf0                SAI1_IRQHandler
                0x08001cf0                DMA2_Channel3_IRQHandler
                0x08001cf0                RTC_Alarm_IRQHandler
 .text.HAL_Init
                0x08001cf2       0x30 ./Drivers/STM32L4xx_HAL_Driver/Src/stm32l4xx_hal.o
                0x08001cf2                HAL_Init
 *fill*         0x08001d22        0x2 
 .text.HAL_InitTick
                0x08001d24       0x78 ./Drivers/STM32L4xx_HAL_Driver/Src/stm32l4xx_hal.o
                0x08001d24                HAL_InitTick
 .text.HAL_IncTick
                0x08001d9c       0x28 ./Drivers/STM32L4xx_HAL_Driver/Src/stm32l4xx_hal.o
                0x08001d9c                HAL_IncTick
 .text.HAL_GetTick
                0x08001dc4       0x18 ./Drivers/STM32L4xx_HAL_Driver/Src/stm32l4xx_hal.o
                0x08001dc4                HAL_GetTick
 .text.HAL_Delay
                0x08001ddc       0x48 ./Drivers/STM32L4xx_HAL_Driver/Src/stm32l4xx_hal.o
                0x08001ddc                HAL_Delay
 .text.LL_ADC_SetCommonClock
                0x08001e24       0x26 ./Drivers/STM32L4xx_HAL_Driver/Src/stm32l4xx_hal_adc.o
 .text.LL_ADC_SetCommonPathInternalCh
                0x08001e4a       0x26 ./Drivers/STM32L4xx_HAL_Driver/Src/stm32l4xx_hal_adc.o
 .text.LL_ADC_GetCommonPathInternalCh
                0x08001e70       0x1c ./Drivers/STM32L4xx_HAL_Driver/Src/stm32l4xx_hal_adc.o
 .text.LL_ADC_SetOffset
                0x08001e8c       0x48 ./Drivers/STM32L4xx_HAL_Driver/Src/stm32l4xx_hal_adc.o
 .text.LL_ADC_GetOffsetChannel
                0x08001ed4       0x2c ./Drivers/STM32L4xx_HAL_Driver/Src/stm32l4xx_hal_adc.o
 .text.LL_ADC_SetOffsetState
                0x08001f00       0x36 ./Drivers/STM32L4xx_HAL_Driver/Src/stm32l4xx_hal_adc.o
 .text.LL_ADC_REG_IsTriggerSourceSWStart
                0x08001f36       0x26 ./Drivers/STM32L4xx_HAL_Driver/Src/stm32l4xx_hal_adc.o
 .text.LL_ADC_REG_SetSequencerRanks
                0x08001f5c       0x58 ./Drivers/STM32L4xx_HAL_Driver/Src/stm32l4xx_hal_adc.o
 .text.LL_ADC_SetChannelSamplingTime
                0x08001fb4       0x56 ./Drivers/STM32L4xx_HAL_Driver/Src/stm32l4xx_hal_adc.o
 *fill*         0x0800200a        0x2 
 .text.LL_ADC_SetChannelSingleDiff
                0x0800200c       0x48 ./Drivers/STM32L4xx_HAL_Driver/Src/stm32l4xx_hal_adc.o
 .text.LL_ADC_DisableDeepPowerDown
                0x08002054       0x24 ./Drivers/STM32L4xx_HAL_Driver/Src/stm32l4xx_hal_adc.o
 .text.LL_ADC_IsDeepPowerDownEnabled
                0x08002078       0x28 ./Drivers/STM32L4xx_HAL_Driver/Src/stm32l4xx_hal_adc.o
 .text.LL_ADC_EnableInternalRegulator
                0x080020a0       0x28 ./Drivers/STM32L4xx_HAL_Driver/Src/stm32l4xx_hal_adc.o
 .text.LL_ADC_IsInternalRegulatorEnabled
                0x080020c8       0x28 ./Drivers/STM32L4xx_HAL_Driver/Src/stm32l4xx_hal_adc.o
 .text.LL_ADC_Enable
                0x080020f0       0x28 ./Drivers/STM32L4xx_HAL_Driver/Src/stm32l4xx_hal_adc.o
 .text.LL_ADC_IsEnabled
                0x08002118       0x26 ./Drivers/STM32L4xx_HAL_Driver/Src/stm32l4xx_hal_adc.o
 .text.LL_ADC_REG_StartConversion
                0x0800213e       0x28 ./Drivers/STM32L4xx_HAL_Driver/Src/stm32l4xx_hal_adc.o
 .text.LL_ADC_REG_IsConversionOngoing
                0x08002166       0x26 ./Drivers/STM32L4xx_HAL_Driver/Src/stm32l4xx_hal_adc.o
 .text.LL_ADC_INJ_IsConversionOngoing
                0x0800218c       0x26 ./Drivers/STM32L4xx_HAL_Driver/Src/stm32l4xx_hal_adc.o
 *fill*         0x080021b2        0x2 
 .text.HAL_ADC_Init
                0x080021b4      0x284 ./Drivers/STM32L4xx_HAL_Driver/Src/stm32l4xx_hal_adc.o
                0x080021b4                HAL_ADC_Init
 .text.HAL_ADC_Start_DMA
                0x08002438      0x108 ./Drivers/STM32L4xx_HAL_Driver/Src/stm32l4xx_hal_adc.o
                0x08002438                HAL_ADC_Start_DMA
 .text.HAL_ADC_ConvCpltCallback
                0x08002540       0x14 ./Drivers/STM32L4xx_HAL_Driver/Src/stm32l4xx_hal_adc.o
                0x08002540                HAL_ADC_ConvCpltCallback
 .text.HAL_ADC_ConvHalfCpltCallback
                0x08002554       0x14 ./Drivers/STM32L4xx_HAL_Driver/Src/stm32l4xx_hal_adc.o
                0x08002554                HAL_ADC_ConvHalfCpltCallback
 .text.HAL_ADC_ErrorCallback
                0x08002568       0x14 ./Drivers/STM32L4xx_HAL_Driver/Src/stm32l4xx_hal_adc.o
                0x08002568                HAL_ADC_ErrorCallback
 .text.HAL_ADC_ConfigChannel
                0x0800257c      0x7c4 ./Drivers/STM32L4xx_HAL_Driver/Src/stm32l4xx_hal_adc.o
                0x0800257c                HAL_ADC_ConfigChannel
 .text.ADC_Enable
                0x08002d40      0x10c ./Drivers/STM32L4xx_HAL_Driver/Src/stm32l4xx_hal_adc.o
                0x08002d40                ADC_Enable
 .text.ADC_DMAConvCplt
                0x08002e4c       0xd8 ./Drivers/STM32L4xx_HAL_Driver/Src/stm32l4xx_hal_adc.o
                0x08002e4c                ADC_DMAConvCplt
 .text.ADC_DMAHalfConvCplt
                0x08002f24       0x1c ./Drivers/STM32L4xx_HAL_Driver/Src/stm32l4xx_hal_adc.o
                0x08002f24                ADC_DMAHalfConvCplt
 .text.ADC_DMAError
                0x08002f40       0x34 ./Drivers/STM32L4xx_HAL_Driver/Src/stm32l4xx_hal_adc.o
                0x08002f40                ADC_DMAError
 .text.HAL_CAN_Init
                0x08002f74      0x1f6 ./Drivers/STM32L4xx_HAL_Driver/Src/stm32l4xx_hal_can.o
                0x08002f74                HAL_CAN_Init
 .text.HAL_CAN_Start
                0x0800316a       0x88 ./Drivers/STM32L4xx_HAL_Driver/Src/stm32l4xx_hal_can.o
                0x0800316a                HAL_CAN_Start
 .text.HAL_CAN_AddTxMessage
                0x080031f2      0x1a0 ./Drivers/STM32L4xx_HAL_Driver/Src/stm32l4xx_hal_can.o
                0x080031f2                HAL_CAN_AddTxMessage
 *fill*         0x08003392        0x2 
 .text.__NVIC_SetPriorityGrouping
                0x08003394       0x48 ./Drivers/STM32L4xx_HAL_Driver/Src/stm32l4xx_hal_cortex.o
 .text.__NVIC_GetPriorityGrouping
                0x080033dc       0x1c ./Drivers/STM32L4xx_HAL_Driver/Src/stm32l4xx_hal_cortex.o
 .text.__NVIC_EnableIRQ
                0x080033f8       0x3c ./Drivers/STM32L4xx_HAL_Driver/Src/stm32l4xx_hal_cortex.o
 .text.__NVIC_SetPriority
                0x08003434       0x54 ./Drivers/STM32L4xx_HAL_Driver/Src/stm32l4xx_hal_cortex.o
 .text.NVIC_EncodePriority
                0x08003488       0x66 ./Drivers/STM32L4xx_HAL_Driver/Src/stm32l4xx_hal_cortex.o
 *fill*         0x080034ee        0x2 
 .text.SysTick_Config
                0x080034f0       0x44 ./Drivers/STM32L4xx_HAL_Driver/Src/stm32l4xx_hal_cortex.o
 .text.HAL_NVIC_SetPriorityGrouping
                0x08003534       0x16 ./Drivers/STM32L4xx_HAL_Driver/Src/stm32l4xx_hal_cortex.o
                0x08003534                HAL_NVIC_SetPriorityGrouping
 .text.HAL_NVIC_SetPriority
                0x0800354a       0x38 ./Drivers/STM32L4xx_HAL_Driver/Src/stm32l4xx_hal_cortex.o
                0x0800354a                HAL_NVIC_SetPriority
 .text.HAL_NVIC_EnableIRQ
                0x08003582       0x1c ./Drivers/STM32L4xx_HAL_Driver/Src/stm32l4xx_hal_cortex.o
                0x08003582                HAL_NVIC_EnableIRQ
 .text.HAL_SYSTICK_Config
                0x0800359e       0x18 ./Drivers/STM32L4xx_HAL_Driver/Src/stm32l4xx_hal_cortex.o
                0x0800359e                HAL_SYSTICK_Config
 *fill*         0x080035b6        0x2 
 .text.HAL_DMA_Init
                0x080035b8      0x170 ./Drivers/STM32L4xx_HAL_Driver/Src/stm32l4xx_hal_dma.o
                0x080035b8                HAL_DMA_Init
 .text.HAL_DMA_Start_IT
                0x08003728       0xc0 ./Drivers/STM32L4xx_HAL_Driver/Src/stm32l4xx_hal_dma.o
                0x08003728                HAL_DMA_Start_IT
 .text.HAL_DMA_IRQHandler
                0x080037e8      0x15e ./Drivers/STM32L4xx_HAL_Driver/Src/stm32l4xx_hal_dma.o
                0x080037e8                HAL_DMA_IRQHandler
 .text.DMA_SetConfig
                0x08003946       0x60 ./Drivers/STM32L4xx_HAL_Driver/Src/stm32l4xx_hal_dma.o
 *fill*         0x080039a6        0x2 
 .text.HAL_GPIO_Init
                0x080039a8      0x2d4 ./Drivers/STM32L4xx_HAL_Driver/Src/stm32l4xx_hal_gpio.o
                0x080039a8                HAL_GPIO_Init
 .text.HAL_GPIO_WritePin
                0x08003c7c       0x30 ./Drivers/STM32L4xx_HAL_Driver/Src/stm32l4xx_hal_gpio.o
                0x08003c7c                HAL_GPIO_WritePin
 .text.HAL_PWREx_GetVoltageRange
                0x08003cac       0x1c ./Drivers/STM32L4xx_HAL_Driver/Src/stm32l4xx_hal_pwr_ex.o
                0x08003cac                HAL_PWREx_GetVoltageRange
 .text.HAL_PWREx_ControlVoltageScaling
                0x08003cc8       0xac ./Drivers/STM32L4xx_HAL_Driver/Src/stm32l4xx_hal_pwr_ex.o
                0x08003cc8                HAL_PWREx_ControlVoltageScaling
 .text.HAL_RCC_OscConfig
                0x08003d74      0x828 ./Drivers/STM32L4xx_HAL_Driver/Src/stm32l4xx_hal_rcc.o
                0x08003d74                HAL_RCC_OscConfig
 .text.HAL_RCC_ClockConfig
                0x0800459c      0x200 ./Drivers/STM32L4xx_HAL_Driver/Src/stm32l4xx_hal_rcc.o
                0x0800459c                HAL_RCC_ClockConfig
 .text.HAL_RCC_GetSysClockFreq
                0x0800479c      0x118 ./Drivers/STM32L4xx_HAL_Driver/Src/stm32l4xx_hal_rcc.o
                0x0800479c                HAL_RCC_GetSysClockFreq
 .text.RCC_SetFlashLatencyFromMSIRange
                0x080048b4       0xc0 ./Drivers/STM32L4xx_HAL_Driver/Src/stm32l4xx_hal_rcc.o
 .text.HAL_RCCEx_PeriphCLKConfig
                0x08004974      0x3ec ./Drivers/STM32L4xx_HAL_Driver/Src/stm32l4xx_hal_rcc_ex.o
                0x08004974                HAL_RCCEx_PeriphCLKConfig
 .text.RCCEx_PLLSAI1_Config
                0x08004d60      0x1e4 ./Drivers/STM32L4xx_HAL_Driver/Src/stm32l4xx_hal_rcc_ex.o
 .text.HAL_SPI_Init
                0x08004f44      0x146 ./Drivers/STM32L4xx_HAL_Driver/Src/stm32l4xx_hal_spi.o
                0x08004f44                HAL_SPI_Init
 .text.HAL_SPI_TransmitReceive
                0x0800508a      0x43e ./Drivers/STM32L4xx_HAL_Driver/Src/stm32l4xx_hal_spi.o
                0x0800508a                HAL_SPI_TransmitReceive
 .text.SPI_WaitFlagStateUntilTimeout
                0x080054c8      0x110 ./Drivers/STM32L4xx_HAL_Driver/Src/stm32l4xx_hal_spi.o
 .text.SPI_WaitFifoStateUntilTimeout
                0x080055d8      0x12c ./Drivers/STM32L4xx_HAL_Driver/Src/stm32l4xx_hal_spi.o
 .text.SPI_EndRxTxTransaction
                0x08005704       0x8c ./Drivers/STM32L4xx_HAL_Driver/Src/stm32l4xx_hal_spi.o
 .text.memset   0x08005790       0x10 /Applications/STM32CubeIDE.app/Contents/Eclipse/plugins/com.st.stm32cube.ide.mcu.externaltools.gnu-tools-for-stm32.13.3.rel1.macos64_1.0.0.202411102158/tools/bin/../lib/gcc/arm-none-eabi/13.3.1/../../../../arm-none-eabi/lib/thumb/v7e-m+fp/hard/libc_nano.a(libc_a-memset.o)
                0x08005790                memset
 .text.__libc_init_array
                0x080057a0       0x48 /Applications/STM32CubeIDE.app/Contents/Eclipse/plugins/com.st.stm32cube.ide.mcu.externaltools.gnu-tools-for-stm32.13.3.rel1.macos64_1.0.0.202411102158/tools/bin/../lib/gcc/arm-none-eabi/13.3.1/../../../../arm-none-eabi/lib/thumb/v7e-m+fp/hard/libc_nano.a(libc_a-init.o)
                0x080057a0                __libc_init_array
 *(.glue_7)
 .glue_7        0x080057e8        0x0 linker stubs
 *(.glue_7t)
 .glue_7t       0x080057e8        0x0 linker stubs
 *(.eh_frame)
 .eh_frame      0x080057e8        0x0 /Applications/STM32CubeIDE.app/Contents/Eclipse/plugins/com.st.stm32cube.ide.mcu.externaltools.gnu-tools-for-stm32.13.3.rel1.macos64_1.0.0.202411102158/tools/bin/../lib/gcc/arm-none-eabi/13.3.1/thumb/v7e-m+fp/hard/crtbegin.o
 *(.init)
 .init          0x080057e8        0x4 /Applications/STM32CubeIDE.app/Contents/Eclipse/plugins/com.st.stm32cube.ide.mcu.externaltools.gnu-tools-for-stm32.13.3.rel1.macos64_1.0.0.202411102158/tools/bin/../lib/gcc/arm-none-eabi/13.3.1/thumb/v7e-m+fp/hard/crti.o
                0x080057e8                _init
 .init          0x080057ec        0x8 /Applications/STM32CubeIDE.app/Contents/Eclipse/plugins/com.st.stm32cube.ide.mcu.externaltools.gnu-tools-for-stm32.13.3.rel1.macos64_1.0.0.202411102158/tools/bin/../lib/gcc/arm-none-eabi/13.3.1/thumb/v7e-m+fp/hard/crtn.o
 *(.fini)
 .fini          0x080057f4        0x4 /Applications/STM32CubeIDE.app/Contents/Eclipse/plugins/com.st.stm32cube.ide.mcu.externaltools.gnu-tools-for-stm32.13.3.rel1.macos64_1.0.0.202411102158/tools/bin/../lib/gcc/arm-none-eabi/13.3.1/thumb/v7e-m+fp/hard/crti.o
                0x080057f4                _fini
 .fini          0x080057f8        0x8 /Applications/STM32CubeIDE.app/Contents/Eclipse/plugins/com.st.stm32cube.ide.mcu.externaltools.gnu-tools-for-stm32.13.3.rel1.macos64_1.0.0.202411102158/tools/bin/../lib/gcc/arm-none-eabi/13.3.1/thumb/v7e-m+fp/hard/crtn.o
                0x08005800                        . = ALIGN (0x4)
                0x08005800                        _etext = .

.vfp11_veneer   0x08005800        0x0
 .vfp11_veneer  0x08005800        0x0 linker stubs

.v4_bx          0x08005800        0x0
 .v4_bx         0x08005800        0x0 linker stubs

.iplt           0x08005800        0x0
 .iplt          0x08005800        0x0 /Applications/STM32CubeIDE.app/Contents/Eclipse/plugins/com.st.stm32cube.ide.mcu.externaltools.gnu-tools-for-stm32.13.3.rel1.macos64_1.0.0.202411102158/tools/bin/../lib/gcc/arm-none-eabi/13.3.1/thumb/v7e-m+fp/hard/crtbegin.o

.rodata         0x08005800      0x148
                0x08005800                        . = ALIGN (0x4)
 *(.rodata)
 *(.rodata*)
 .rodata.AHBPrescTable
                0x08005800       0x10 ./Core/Src/system_stm32l4xx.o
                0x08005800                AHBPrescTable
 .rodata.MSIRangeTable
                0x08005810       0x30 ./Core/Src/system_stm32l4xx.o
                0x08005810                MSIRangeTable
 .rodata.voltage_table
                0x08005840       0x84 ./Core/Src/voltage_calculations.o
                0x08005840                voltage_table
 .rodata.temp_table
                0x080058c4       0x84 ./Core/Src/voltage_calculations.o
                0x080058c4                temp_table
                0x08005948                        . = ALIGN (0x4)

.ARM.extab      0x08005948        0x0
                0x08005948                        . = ALIGN (0x4)
 *(.ARM.extab* .gnu.linkonce.armextab.*)
                0x08005948                        . = ALIGN (0x4)

.ARM            0x08005948        0x0
                0x08005948                        . = ALIGN (0x4)
                0x08005948                        __exidx_start = .
 *(.ARM.exidx*)
                0x08005948                        __exidx_end = .
                0x08005948                        . = ALIGN (0x4)

.preinit_array  0x08005948        0x0
                0x08005948                        . = ALIGN (0x4)
                0x08005948                        PROVIDE (__preinit_array_start = .)
 *(.preinit_array*)
                0x08005948                        PROVIDE (__preinit_array_end = .)
                0x08005948                        . = ALIGN (0x4)

.init_array     0x08005948        0x4
                0x08005948                        . = ALIGN (0x4)
                0x08005948                        PROVIDE (__init_array_start = .)
 *(SORT_BY_NAME(.init_array.*))
 *(.init_array*)
 .init_array    0x08005948        0x4 /Applications/STM32CubeIDE.app/Contents/Eclipse/plugins/com.st.stm32cube.ide.mcu.externaltools.gnu-tools-for-stm32.13.3.rel1.macos64_1.0.0.202411102158/tools/bin/../lib/gcc/arm-none-eabi/13.3.1/thumb/v7e-m+fp/hard/crtbegin.o
                0x0800594c                        PROVIDE (__init_array_end = .)
                0x0800594c                        . = ALIGN (0x4)

.fini_array     0x0800594c        0x4
                0x0800594c                        . = ALIGN (0x4)
                [!provide]                        PROVIDE (__fini_array_start = .)
 *(SORT_BY_NAME(.fini_array.*))
 *(.fini_array*)
 .fini_array    0x0800594c        0x4 /Applications/STM32CubeIDE.app/Contents/Eclipse/plugins/com.st.stm32cube.ide.mcu.externaltools.gnu-tools-for-stm32.13.3.rel1.macos64_1.0.0.202411102158/tools/bin/../lib/gcc/arm-none-eabi/13.3.1/thumb/v7e-m+fp/hard/crtbegin.o
                [!provide]                        PROVIDE (__fini_array_end = .)
                0x08005950                        . = ALIGN (0x4)
                0x08005950                        _sidata = LOADADDR (.data)

.rel.dyn        0x08005950        0x0
 .rel.iplt      0x08005950        0x0 /Applications/STM32CubeIDE.app/Contents/Eclipse/plugins/com.st.stm32cube.ide.mcu.externaltools.gnu-tools-for-stm32.13.3.rel1.macos64_1.0.0.202411102158/tools/bin/../lib/gcc/arm-none-eabi/13.3.1/thumb/v7e-m+fp/hard/crtbegin.o

.data           0x20000000        0xc load address 0x08005950
                0x20000000                        . = ALIGN (0x4)
                0x20000000                        _sdata = .
 *(.data)
 *(.data*)
 .data.SystemCoreClock
                0x20000000        0x4 ./Core/Src/system_stm32l4xx.o
                0x20000000                SystemCoreClock
 .data.uwTickPrio
                0x20000004        0x4 ./Drivers/STM32L4xx_HAL_Driver/Src/stm32l4xx_hal.o
                0x20000004                uwTickPrio
 .data.uwTickFreq
                0x20000008        0x1 ./Drivers/STM32L4xx_HAL_Driver/Src/stm32l4xx_hal.o
                0x20000008                uwTickFreq
 *(.RamFunc)
 *(.RamFunc*)
                0x2000000c                        . = ALIGN (0x4)
 *fill*         0x20000009        0x3 
                0x2000000c                        _edata = .

.igot.plt       0x2000000c        0x0 load address 0x0800595c
 .igot.plt      0x2000000c        0x0 /Applications/STM32CubeIDE.app/Contents/Eclipse/plugins/com.st.stm32cube.ide.mcu.externaltools.gnu-tools-for-stm32.13.3.rel1.macos64_1.0.0.202411102158/tools/bin/../lib/gcc/arm-none-eabi/13.3.1/thumb/v7e-m+fp/hard/crtbegin.o
                0x2000000c                        . = ALIGN (0x4)

.bss            0x2000000c      0x2c8 load address 0x0800595c
                0x2000000c                        _sbss = .
                0x2000000c                        __bss_start__ = _sbss
 *(.bss)
 .bss           0x2000000c       0x1c /Applications/STM32CubeIDE.app/Contents/Eclipse/plugins/com.st.stm32cube.ide.mcu.externaltools.gnu-tools-for-stm32.13.3.rel1.macos64_1.0.0.202411102158/tools/bin/../lib/gcc/arm-none-eabi/13.3.1/thumb/v7e-m+fp/hard/crtbegin.o
 *(.bss*)
 .bss.hadc1     0x20000028       0x64 ./Core/Src/adc.o
                0x20000028                hadc1
 .bss.hdma_adc1
                0x2000008c       0x48 ./Core/Src/adc.o
                0x2000008c                hdma_adc1
 .bss.hcan1     0x200000d4       0x28 ./Core/Src/can.o
                0x200000d4                hcan1
 .bss.CAN_CONTEXT
                0x200000fc       0x40 ./Core/Src/main.o
                0x200000fc                CAN_CONTEXT
 .bss.ADDRESS_CAN_TxStatus
                0x2000013c        0x1 ./Core/Src/main.o
                0x2000013c                ADDRESS_CAN_TxStatus
 .bss.THERMISTOR_CAN_TxStatus
                0x2000013d        0x1 ./Core/Src/main.o
                0x2000013d                THERMISTOR_CAN_TxStatus
 *fill*         0x2000013e        0x2 
 .bss.mailbox   0x20000140        0x4 ./Core/Src/main.o
                0x20000140                mailbox
 .bss.hspi3     0x20000144       0x64 ./Core/Src/spi.o
                0x20000144                hspi3
 .bss.MCP1      0x200001a8       0x28 ./Core/Src/voltage_calculations.o
                0x200001a8                MCP1
 .bss.MCP2      0x200001d0       0x28 ./Core/Src/voltage_calculations.o
                0x200001d0                MCP2
 .bss.MCP3      0x200001f8       0x28 ./Core/Src/voltage_calculations.o
                0x200001f8                MCP3
 .bss.temp_conversions
                0x20000220       0x50 ./Core/Src/voltage_calculations.o
                0x20000220                temp_conversions
 .bss.initialInvalidTemps
                0x20000270       0x14 ./Core/Src/voltage_calculations.o
                0x20000270                initialInvalidTemps
 .bss.rawADCBuffer
                0x20000284       0x10 ./Core/Src/voltage_calculations.o
                0x20000284                rawADCBuffer
 .bss.voltageBuffer
                0x20000294       0x20 ./Core/Src/voltage_calculations.o
                0x20000294                voltageBuffer
 .bss.highestTemp
                0x200002b4        0x4 ./Core/Src/voltage_calculations.o
                0x200002b4                highestTemp
 .bss.lowestTemp
                0x200002b8        0x4 ./Core/Src/voltage_calculations.o
                0x200002b8                lowestTemp
 .bss.averageTemp
                0x200002bc        0x4 ./Core/Src/voltage_calculations.o
                0x200002bc                averageTemp
 .bss.numValidTemps
                0x200002c0        0x4 ./Core/Src/voltage_calculations.o
                0x200002c0                numValidTemps
 .bss.numInitialInvalidTemps
                0x200002c4        0x4 ./Core/Src/voltage_calculations.o
                0x200002c4                numInitialInvalidTemps
 .bss.numInvalidTemps
                0x200002c8        0x4 ./Core/Src/voltage_calculations.o
                0x200002c8                numInvalidTemps
 .bss.issueFault
                0x200002cc        0x1 ./Core/Src/voltage_calculations.o
                0x200002cc                issueFault
 *fill*         0x200002cd        0x3 
 .bss.uwTick    0x200002d0        0x4 ./Drivers/STM32L4xx_HAL_Driver/Src/stm32l4xx_hal.o
                0x200002d0                uwTick
 *(COMMON)
                0x200002d4                        . = ALIGN (0x4)
                0x200002d4                        _ebss = .
                0x200002d4                        __bss_end__ = _ebss

._user_heap_stack
                0x200002d4      0x604 load address 0x0800595c
                0x200002d8                        . = ALIGN (0x8)
 *fill*         0x200002d4        0x4 
                [!provide]                        PROVIDE (end = .)
                0x200002d8                        PROVIDE (_end = .)
                0x200004d8                        . = (. + _Min_Heap_Size)
 *fill*         0x200002d8      0x200 
                0x200008d8                        . = (. + _Min_Stack_Size)
 *fill*         0x200004d8      0x400 
                0x200008d8                        . = ALIGN (0x8)

/DISCARD/
 libc.a(*)
 libm.a(*)
 libgcc.a(*)

.ARM.attributes
                0x00000000       0x30
 *(.ARM.attributes)
 .ARM.attributes
                0x00000000       0x22 /Applications/STM32CubeIDE.app/Contents/Eclipse/plugins/com.st.stm32cube.ide.mcu.externaltools.gnu-tools-for-stm32.13.3.rel1.macos64_1.0.0.202411102158/tools/bin/../lib/gcc/arm-none-eabi/13.3.1/thumb/v7e-m+fp/hard/crti.o
 .ARM.attributes
                0x00000022       0x34 /Applications/STM32CubeIDE.app/Contents/Eclipse/plugins/com.st.stm32cube.ide.mcu.externaltools.gnu-tools-for-stm32.13.3.rel1.macos64_1.0.0.202411102158/tools/bin/../lib/gcc/arm-none-eabi/13.3.1/thumb/v7e-m+fp/hard/crtbegin.o
 .ARM.attributes
                0x00000056       0x34 ./Core/Src/adc.o
 .ARM.attributes
                0x0000008a       0x34 ./Core/Src/can.o
 .ARM.attributes
                0x000000be       0x34 ./Core/Src/dma.o
 .ARM.attributes
                0x000000f2       0x34 ./Core/Src/gpio.o
 .ARM.attributes
                0x00000126       0x34 ./Core/Src/main.o
 .ARM.attributes
                0x0000015a       0x34 ./Core/Src/mcp3204.o
 .ARM.attributes
                0x0000018e       0x34 ./Core/Src/spi.o
 .ARM.attributes
                0x000001c2       0x34 ./Core/Src/stm32l4xx_hal_msp.o
 .ARM.attributes
                0x000001f6       0x34 ./Core/Src/stm32l4xx_it.o
 .ARM.attributes
                0x0000022a       0x34 ./Core/Src/system_stm32l4xx.o
 .ARM.attributes
                0x0000025e       0x34 ./Core/Src/voltage_calculations.o
 .ARM.attributes
                0x00000292       0x21 ./Core/Startup/startup_stm32l432kcux.o
 .ARM.attributes
                0x000002b3       0x34 ./Drivers/STM32L4xx_HAL_Driver/Src/stm32l4xx_hal.o
 .ARM.attributes
                0x000002e7       0x34 ./Drivers/STM32L4xx_HAL_Driver/Src/stm32l4xx_hal_adc.o
 .ARM.attributes
                0x0000031b       0x34 ./Drivers/STM32L4xx_HAL_Driver/Src/stm32l4xx_hal_can.o
 .ARM.attributes
                0x0000034f       0x34 ./Drivers/STM32L4xx_HAL_Driver/Src/stm32l4xx_hal_cortex.o
 .ARM.attributes
                0x00000383       0x34 ./Drivers/STM32L4xx_HAL_Driver/Src/stm32l4xx_hal_dma.o
 .ARM.attributes
                0x000003b7       0x34 ./Drivers/STM32L4xx_HAL_Driver/Src/stm32l4xx_hal_gpio.o
 .ARM.attributes
                0x000003eb       0x34 ./Drivers/STM32L4xx_HAL_Driver/Src/stm32l4xx_hal_pwr_ex.o
 .ARM.attributes
                0x0000041f       0x34 ./Drivers/STM32L4xx_HAL_Driver/Src/stm32l4xx_hal_rcc.o
 .ARM.attributes
                0x00000453       0x34 ./Drivers/STM32L4xx_HAL_Driver/Src/stm32l4xx_hal_rcc_ex.o
 .ARM.attributes
                0x00000487       0x34 ./Drivers/STM32L4xx_HAL_Driver/Src/stm32l4xx_hal_spi.o
 .ARM.attributes
                0x000004bb       0x34 /Applications/STM32CubeIDE.app/Contents/Eclipse/plugins/com.st.stm32cube.ide.mcu.externaltools.gnu-tools-for-stm32.13.3.rel1.macos64_1.0.0.202411102158/tools/bin/../lib/gcc/arm-none-eabi/13.3.1/../../../../arm-none-eabi/lib/thumb/v7e-m+fp/hard/libc_nano.a(libc_a-memset.o)
 .ARM.attributes
                0x000004ef       0x34 /Applications/STM32CubeIDE.app/Contents/Eclipse/plugins/com.st.stm32cube.ide.mcu.externaltools.gnu-tools-for-stm32.13.3.rel1.macos64_1.0.0.202411102158/tools/bin/../lib/gcc/arm-none-eabi/13.3.1/../../../../arm-none-eabi/lib/thumb/v7e-m+fp/hard/libc_nano.a(libc_a-init.o)
 .ARM.attributes
                0x00000523       0x22 /Applications/STM32CubeIDE.app/Contents/Eclipse/plugins/com.st.stm32cube.ide.mcu.externaltools.gnu-tools-for-stm32.13.3.rel1.macos64_1.0.0.202411102158/tools/bin/../lib/gcc/arm-none-eabi/13.3.1/thumb/v7e-m+fp/hard/libgcc.a(_arm_addsubdf3.o)
 .ARM.attributes
                0x00000545       0x22 /Applications/STM32CubeIDE.app/Contents/Eclipse/plugins/com.st.stm32cube.ide.mcu.externaltools.gnu-tools-for-stm32.13.3.rel1.macos64_1.0.0.202411102158/tools/bin/../lib/gcc/arm-none-eabi/13.3.1/thumb/v7e-m+fp/hard/libgcc.a(_arm_muldivdf3.o)
 .ARM.attributes
                0x00000567       0x22 /Applications/STM32CubeIDE.app/Contents/Eclipse/plugins/com.st.stm32cube.ide.mcu.externaltools.gnu-tools-for-stm32.13.3.rel1.macos64_1.0.0.202411102158/tools/bin/../lib/gcc/arm-none-eabi/13.3.1/thumb/v7e-m+fp/hard/libgcc.a(_arm_truncdfsf2.o)
 .ARM.attributes
                0x00000589       0x22 /Applications/STM32CubeIDE.app/Contents/Eclipse/plugins/com.st.stm32cube.ide.mcu.externaltools.gnu-tools-for-stm32.13.3.rel1.macos64_1.0.0.202411102158/tools/bin/../lib/gcc/arm-none-eabi/13.3.1/thumb/v7e-m+fp/hard/crtn.o
OUTPUT(mk10-bms-daughter-board.elf elf32-littlearm)
LOAD linker stubs
LOAD /Applications/STM32CubeIDE.app/Contents/Eclipse/plugins/com.st.stm32cube.ide.mcu.externaltools.gnu-tools-for-stm32.13.3.rel1.macos64_1.0.0.202411102158/tools/bin/../lib/gcc/arm-none-eabi/13.3.1/../../../../arm-none-eabi/lib/thumb/v7e-m+fp/hard/libc.a
LOAD /Applications/STM32CubeIDE.app/Contents/Eclipse/plugins/com.st.stm32cube.ide.mcu.externaltools.gnu-tools-for-stm32.13.3.rel1.macos64_1.0.0.202411102158/tools/bin/../lib/gcc/arm-none-eabi/13.3.1/../../../../arm-none-eabi/lib/thumb/v7e-m+fp/hard/libm.a
LOAD /Applications/STM32CubeIDE.app/Contents/Eclipse/plugins/com.st.stm32cube.ide.mcu.externaltools.gnu-tools-for-stm32.13.3.rel1.macos64_1.0.0.202411102158/tools/bin/../lib/gcc/arm-none-eabi/13.3.1/thumb/v7e-m+fp/hard/libgcc.a

.debug_info     0x00000000     0xeb49
 .debug_info    0x00000000      0xdb4 ./Core/Src/adc.o
 .debug_info    0x00000db4      0x88f ./Core/Src/can.o
 .debug_info    0x00001643      0x491 ./Core/Src/dma.o
 .debug_info    0x00001ad4      0x457 ./Core/Src/gpio.o
 .debug_info    0x00001f2b     0x10d9 ./Core/Src/main.o
 .debug_info    0x00003004      0x9cf ./Core/Src/mcp3204.o
 .debug_info    0x000039d3      0x985 ./Core/Src/spi.o
 .debug_info    0x00004358      0x2c5 ./Core/Src/stm32l4xx_hal_msp.o
 .debug_info    0x0000461d      0x36a ./Core/Src/stm32l4xx_it.o
 .debug_info    0x00004987      0x5bf ./Core/Src/system_stm32l4xx.o
 .debug_info    0x00004f46     0x11c6 ./Core/Src/voltage_calculations.o
 .debug_info    0x0000610c       0x30 ./Core/Startup/startup_stm32l432kcux.o
 .debug_info    0x0000613c      0x99e ./Drivers/STM32L4xx_HAL_Driver/Src/stm32l4xx_hal.o
 .debug_info    0x00006ada     0x1cc4 ./Drivers/STM32L4xx_HAL_Driver/Src/stm32l4xx_hal_adc.o
 .debug_info    0x0000879e      0xf4c ./Drivers/STM32L4xx_HAL_Driver/Src/stm32l4xx_hal_can.o
 .debug_info    0x000096ea      0xd03 ./Drivers/STM32L4xx_HAL_Driver/Src/stm32l4xx_hal_cortex.o
 .debug_info    0x0000a3ed      0x6f4 ./Drivers/STM32L4xx_HAL_Driver/Src/stm32l4xx_hal_dma.o
 .debug_info    0x0000aae1      0x757 ./Drivers/STM32L4xx_HAL_Driver/Src/stm32l4xx_hal_gpio.o
 .debug_info    0x0000b238      0x920 ./Drivers/STM32L4xx_HAL_Driver/Src/stm32l4xx_hal_pwr_ex.o
 .debug_info    0x0000bb58      0xbc3 ./Drivers/STM32L4xx_HAL_Driver/Src/stm32l4xx_hal_rcc.o
 .debug_info    0x0000c71b      0xee5 ./Drivers/STM32L4xx_HAL_Driver/Src/stm32l4xx_hal_rcc_ex.o
 .debug_info    0x0000d600     0x1549 ./Drivers/STM32L4xx_HAL_Driver/Src/stm32l4xx_hal_spi.o

.debug_abbrev   0x00000000     0x2b71
 .debug_abbrev  0x00000000      0x205 ./Core/Src/adc.o
 .debug_abbrev  0x00000205      0x202 ./Core/Src/can.o
 .debug_abbrev  0x00000407       0xfc ./Core/Src/dma.o
 .debug_abbrev  0x00000503      0x152 ./Core/Src/gpio.o
 .debug_abbrev  0x00000655      0x2d1 ./Core/Src/main.o
 .debug_abbrev  0x00000926      0x240 ./Core/Src/mcp3204.o
 .debug_abbrev  0x00000b66      0x1fa ./Core/Src/spi.o
 .debug_abbrev  0x00000d60       0xc6 ./Core/Src/stm32l4xx_hal_msp.o
 .debug_abbrev  0x00000e26      0x16e ./Core/Src/stm32l4xx_it.o
 .debug_abbrev  0x00000f94      0x11a ./Core/Src/system_stm32l4xx.o
 .debug_abbrev  0x000010ae      0x2df ./Core/Src/voltage_calculations.o
 .debug_abbrev  0x0000138d       0x24 ./Core/Startup/startup_stm32l432kcux.o
 .debug_abbrev  0x000013b1      0x225 ./Drivers/STM32L4xx_HAL_Driver/Src/stm32l4xx_hal.o
 .debug_abbrev  0x000015d6      0x2d7 ./Drivers/STM32L4xx_HAL_Driver/Src/stm32l4xx_hal_adc.o
 .debug_abbrev  0x000018ad      0x234 ./Drivers/STM32L4xx_HAL_Driver/Src/stm32l4xx_hal_can.o
 .debug_abbrev  0x00001ae1      0x31c ./Drivers/STM32L4xx_HAL_Driver/Src/stm32l4xx_hal_cortex.o
 .debug_abbrev  0x00001dfd      0x1e4 ./Drivers/STM32L4xx_HAL_Driver/Src/stm32l4xx_hal_dma.o
 .debug_abbrev  0x00001fe1      0x1cb ./Drivers/STM32L4xx_HAL_Driver/Src/stm32l4xx_hal_gpio.o
 .debug_abbrev  0x000021ac      0x1f9 ./Drivers/STM32L4xx_HAL_Driver/Src/stm32l4xx_hal_pwr_ex.o
 .debug_abbrev  0x000023a5      0x2cb ./Drivers/STM32L4xx_HAL_Driver/Src/stm32l4xx_hal_rcc.o
 .debug_abbrev  0x00002670      0x2a1 ./Drivers/STM32L4xx_HAL_Driver/Src/stm32l4xx_hal_rcc_ex.o
 .debug_abbrev  0x00002911      0x260 ./Drivers/STM32L4xx_HAL_Driver/Src/stm32l4xx_hal_spi.o

.debug_aranges  0x00000000      0xd80
 .debug_aranges
                0x00000000       0x30 ./Core/Src/adc.o
 .debug_aranges
                0x00000030       0x30 ./Core/Src/can.o
 .debug_aranges
                0x00000060       0x20 ./Core/Src/dma.o
 .debug_aranges
                0x00000080       0x20 ./Core/Src/gpio.o
 .debug_aranges
                0x000000a0       0x30 ./Core/Src/main.o
 .debug_aranges
                0x000000d0       0x70 ./Core/Src/mcp3204.o
 .debug_aranges
                0x00000140       0x30 ./Core/Src/spi.o
 .debug_aranges
                0x00000170       0x20 ./Core/Src/stm32l4xx_hal_msp.o
 .debug_aranges
                0x00000190       0x68 ./Core/Src/stm32l4xx_it.o
 .debug_aranges
                0x000001f8       0x28 ./Core/Src/system_stm32l4xx.o
 .debug_aranges
                0x00000220       0x68 ./Core/Src/voltage_calculations.o
 .debug_aranges
                0x00000288       0x28 ./Core/Startup/startup_stm32l432kcux.o
 .debug_aranges
                0x000002b0      0x108 ./Drivers/STM32L4xx_HAL_Driver/Src/stm32l4xx_hal.o
 .debug_aranges
                0x000003b8      0x210 ./Drivers/STM32L4xx_HAL_Driver/Src/stm32l4xx_hal_adc.o
 .debug_aranges
                0x000005c8      0x138 ./Drivers/STM32L4xx_HAL_Driver/Src/stm32l4xx_hal_can.o
 .debug_aranges
                0x00000700      0x128 ./Drivers/STM32L4xx_HAL_Driver/Src/stm32l4xx_hal_cortex.o
 .debug_aranges
                0x00000828       0x80 ./Drivers/STM32L4xx_HAL_Driver/Src/stm32l4xx_hal_dma.o
 .debug_aranges
                0x000008a8       0x58 ./Drivers/STM32L4xx_HAL_Driver/Src/stm32l4xx_hal_gpio.o
 .debug_aranges
                0x00000900      0x128 ./Drivers/STM32L4xx_HAL_Driver/Src/stm32l4xx_hal_pwr_ex.o
 .debug_aranges
                0x00000a28       0x90 ./Drivers/STM32L4xx_HAL_Driver/Src/stm32l4xx_hal_rcc.o
 .debug_aranges
                0x00000ab8       0xf0 ./Drivers/STM32L4xx_HAL_Driver/Src/stm32l4xx_hal_rcc_ex.o
 .debug_aranges
                0x00000ba8      0x1d8 ./Drivers/STM32L4xx_HAL_Driver/Src/stm32l4xx_hal_spi.o

.debug_rnglists
                0x00000000      0xa16
 .debug_rnglists
                0x00000000       0x21 ./Core/Src/adc.o
 .debug_rnglists
                0x00000021       0x20 ./Core/Src/can.o
 .debug_rnglists
                0x00000041       0x13 ./Core/Src/dma.o
 .debug_rnglists
                0x00000054       0x14 ./Core/Src/gpio.o
 .debug_rnglists
                0x00000068       0x21 ./Core/Src/main.o
 .debug_rnglists
                0x00000089       0x50 ./Core/Src/mcp3204.o
 .debug_rnglists
                0x000000d9       0x20 ./Core/Src/spi.o
 .debug_rnglists
                0x000000f9       0x13 ./Core/Src/stm32l4xx_hal_msp.o
 .debug_rnglists
                0x0000010c       0x49 ./Core/Src/stm32l4xx_it.o
 .debug_rnglists
                0x00000155       0x1a ./Core/Src/system_stm32l4xx.o
 .debug_rnglists
                0x0000016f       0x4e ./Core/Src/voltage_calculations.o
 .debug_rnglists
                0x000001bd       0x19 ./Core/Startup/startup_stm32l432kcux.o
 .debug_rnglists
                0x000001d6       0xc1 ./Drivers/STM32L4xx_HAL_Driver/Src/stm32l4xx_hal.o
 .debug_rnglists
                0x00000297      0x196 ./Drivers/STM32L4xx_HAL_Driver/Src/stm32l4xx_hal_adc.o
 .debug_rnglists
                0x0000042d       0xee ./Drivers/STM32L4xx_HAL_Driver/Src/stm32l4xx_hal_can.o
 .debug_rnglists
                0x0000051b       0xda ./Drivers/STM32L4xx_HAL_Driver/Src/stm32l4xx_hal_cortex.o
 .debug_rnglists
                0x000005f5       0x64 ./Drivers/STM32L4xx_HAL_Driver/Src/stm32l4xx_hal_dma.o
 .debug_rnglists
                0x00000659       0x3f ./Drivers/STM32L4xx_HAL_Driver/Src/stm32l4xx_hal_gpio.o
 .debug_rnglists
                0x00000698       0xdf ./Drivers/STM32L4xx_HAL_Driver/Src/stm32l4xx_hal_pwr_ex.o
 .debug_rnglists
                0x00000777       0x6d ./Drivers/STM32L4xx_HAL_Driver/Src/stm32l4xx_hal_rcc.o
 .debug_rnglists
                0x000007e4       0xba ./Drivers/STM32L4xx_HAL_Driver/Src/stm32l4xx_hal_rcc_ex.o
 .debug_rnglists
                0x0000089e      0x178 ./Drivers/STM32L4xx_HAL_Driver/Src/stm32l4xx_hal_spi.o

.debug_macro    0x00000000    0x21c86
 .debug_macro   0x00000000      0x1f3 ./Core/Src/adc.o
 .debug_macro   0x000001f3      0xad8 ./Core/Src/adc.o
 .debug_macro   0x00000ccb      0x1ad ./Core/Src/adc.o
 .debug_macro   0x00000e78       0x2e ./Core/Src/adc.o
 .debug_macro   0x00000ea6       0x28 ./Core/Src/adc.o
 .debug_macro   0x00000ece       0x22 ./Core/Src/adc.o
 .debug_macro   0x00000ef0       0x8e ./Core/Src/adc.o
 .debug_macro   0x00000f7e       0x51 ./Core/Src/adc.o
 .debug_macro   0x00000fcf      0x103 ./Core/Src/adc.o
 .debug_macro   0x000010d2       0x6a ./Core/Src/adc.o
 .debug_macro   0x0000113c      0x1df ./Core/Src/adc.o
 .debug_macro   0x0000131b       0x1c ./Core/Src/adc.o
 .debug_macro   0x00001337       0x22 ./Core/Src/adc.o
 .debug_macro   0x00001359       0xfb ./Core/Src/adc.o
 .debug_macro   0x00001454     0x1011 ./Core/Src/adc.o
 .debug_macro   0x00002465      0x11f ./Core/Src/adc.o
 .debug_macro   0x00002584    0x147a6 ./Core/Src/adc.o
 .debug_macro   0x00016d2a       0x6d ./Core/Src/adc.o
 .debug_macro   0x00016d97     0x38fb ./Core/Src/adc.o
 .debug_macro   0x0001a692      0x190 ./Core/Src/adc.o
 .debug_macro   0x0001a822       0x5c ./Core/Src/adc.o
 .debug_macro   0x0001a87e     0x11ca ./Core/Src/adc.o
 .debug_macro   0x0001ba48      0x53c ./Core/Src/adc.o
 .debug_macro   0x0001bf84      0x1b9 ./Core/Src/adc.o
 .debug_macro   0x0001c13d      0x122 ./Core/Src/adc.o
 .debug_macro   0x0001c25f      0x26b ./Core/Src/adc.o
 .debug_macro   0x0001c4ca      0x23d ./Core/Src/adc.o
 .debug_macro   0x0001c707      0xde6 ./Core/Src/adc.o
 .debug_macro   0x0001d4ed      0x61d ./Core/Src/adc.o
 .debug_macro   0x0001db0a      0x241 ./Core/Src/adc.o
 .debug_macro   0x0001dd4b      0x408 ./Core/Src/adc.o
 .debug_macro   0x0001e153      0x241 ./Core/Src/adc.o
 .debug_macro   0x0001e394      0x375 ./Core/Src/adc.o
 .debug_macro   0x0001e709       0xd6 ./Core/Src/adc.o
 .debug_macro   0x0001e7df      0x122 ./Core/Src/adc.o
 .debug_macro   0x0001e901      0x356 ./Core/Src/adc.o
 .debug_macro   0x0001ec57      0x2fe ./Core/Src/adc.o
 .debug_macro   0x0001ef55      0x220 ./Core/Src/adc.o
 .debug_macro   0x0001f175       0x88 ./Core/Src/adc.o
 .debug_macro   0x0001f1fd      0x206 ./Core/Src/can.o
 .debug_macro   0x0001f403       0x10 ./Core/Src/can.o
 .debug_macro   0x0001f413      0x1f3 ./Core/Src/dma.o
 .debug_macro   0x0001f606      0x1f3 ./Core/Src/gpio.o
 .debug_macro   0x0001f7f9      0x26a ./Core/Src/main.o
 .debug_macro   0x0001fa63      0x201 ./Core/Src/main.o
 .debug_macro   0x0001fc64       0x16 ./Core/Src/main.o
 .debug_macro   0x0001fc7a       0x22 ./Core/Src/main.o
 .debug_macro   0x0001fc9c       0x52 ./Core/Src/main.o
 .debug_macro   0x0001fcee      0x202 ./Core/Src/mcp3204.o
 .debug_macro   0x0001fef0      0x1f3 ./Core/Src/spi.o
 .debug_macro   0x000200e3      0x1e9 ./Core/Src/stm32l4xx_hal_msp.o
 .debug_macro   0x000202cc      0x1f3 ./Core/Src/stm32l4xx_it.o
 .debug_macro   0x000204bf      0x1da ./Core/Src/system_stm32l4xx.o
 .debug_macro   0x00020699      0x24a ./Core/Src/voltage_calculations.o
 .debug_macro   0x000208e3      0x222 ./Drivers/STM32L4xx_HAL_Driver/Src/stm32l4xx_hal.o
 .debug_macro   0x00020b05      0x1f7 ./Drivers/STM32L4xx_HAL_Driver/Src/stm32l4xx_hal_adc.o
 .debug_macro   0x00020cfc      0x1e9 ./Drivers/STM32L4xx_HAL_Driver/Src/stm32l4xx_hal_can.o
 .debug_macro   0x00020ee5      0x1da ./Drivers/STM32L4xx_HAL_Driver/Src/stm32l4xx_hal_cortex.o
 .debug_macro   0x000210bf      0x1da ./Drivers/STM32L4xx_HAL_Driver/Src/stm32l4xx_hal_dma.o
 .debug_macro   0x00021299      0x1e1 ./Drivers/STM32L4xx_HAL_Driver/Src/stm32l4xx_hal_gpio.o
 .debug_macro   0x0002147a      0x1fe ./Drivers/STM32L4xx_HAL_Driver/Src/stm32l4xx_hal_pwr_ex.o
 .debug_macro   0x00021678      0x21c ./Drivers/STM32L4xx_HAL_Driver/Src/stm32l4xx_hal_rcc.o
 .debug_macro   0x00021894      0x210 ./Drivers/STM32L4xx_HAL_Driver/Src/stm32l4xx_hal_rcc_ex.o
 .debug_macro   0x00021aa4      0x1e2 ./Drivers/STM32L4xx_HAL_Driver/Src/stm32l4xx_hal_spi.o

.debug_line     0x00000000    0x10512
 .debug_line    0x00000000      0x877 ./Core/Src/adc.o
 .debug_line    0x00000877      0x799 ./Core/Src/can.o
 .debug_line    0x00001010      0x703 ./Core/Src/dma.o
 .debug_line    0x00001713      0x724 ./Core/Src/gpio.o
 .debug_line    0x00001e37      0x846 ./Core/Src/main.o
 .debug_line    0x0000267d      0x86e ./Core/Src/mcp3204.o
 .debug_line    0x00002eeb      0x784 ./Core/Src/spi.o
 .debug_line    0x0000366f      0x707 ./Core/Src/stm32l4xx_hal_msp.o
 .debug_line    0x00003d76      0x7ce ./Core/Src/stm32l4xx_it.o
 .debug_line    0x00004544      0x7a5 ./Core/Src/system_stm32l4xx.o
 .debug_line    0x00004ce9      0xad1 ./Core/Src/voltage_calculations.o
 .debug_line    0x000057ba       0x7a ./Core/Startup/startup_stm32l432kcux.o
 .debug_line    0x00005834      0xa72 ./Drivers/STM32L4xx_HAL_Driver/Src/stm32l4xx_hal.o
 .debug_line    0x000062a6     0x1c81 ./Drivers/STM32L4xx_HAL_Driver/Src/stm32l4xx_hal_adc.o
 .debug_line    0x00007f27     0x11b4 ./Drivers/STM32L4xx_HAL_Driver/Src/stm32l4xx_hal_can.o
 .debug_line    0x000090db      0xca8 ./Drivers/STM32L4xx_HAL_Driver/Src/stm32l4xx_hal_cortex.o
 .debug_line    0x00009d83      0xce7 ./Drivers/STM32L4xx_HAL_Driver/Src/stm32l4xx_hal_dma.o
 .debug_line    0x0000aa6a      0xae4 ./Drivers/STM32L4xx_HAL_Driver/Src/stm32l4xx_hal_gpio.o
 .debug_line    0x0000b54e      0xbf6 ./Drivers/STM32L4xx_HAL_Driver/Src/stm32l4xx_hal_pwr_ex.o
 .debug_line    0x0000c144     0x10b0 ./Drivers/STM32L4xx_HAL_Driver/Src/stm32l4xx_hal_rcc.o
 .debug_line    0x0000d1f4     0x1331 ./Drivers/STM32L4xx_HAL_Driver/Src/stm32l4xx_hal_rcc_ex.o
 .debug_line    0x0000e525     0x1fed ./Drivers/STM32L4xx_HAL_Driver/Src/stm32l4xx_hal_spi.o

.debug_str      0x00000000    0xcca20
 .debug_str     0x00000000    0xcca20 ./Core/Src/adc.o
                              0xc8766 (size before relaxing)
 .debug_str     0x000cca20    0xc8388 ./Core/Src/can.o
 .debug_str     0x000cca20    0xc83a1 ./Core/Src/dma.o
 .debug_str     0x000cca20    0xc8072 ./Core/Src/gpio.o
 .debug_str     0x000cca20    0xc932b ./Core/Src/main.o
 .debug_str     0x000cca20    0xc8484 ./Core/Src/mcp3204.o
 .debug_str     0x000cca20    0xc849e ./Core/Src/spi.o
 .debug_str     0x000cca20    0xc7fa7 ./Core/Src/stm32l4xx_hal_msp.o
 .debug_str     0x000cca20    0xc8106 ./Core/Src/stm32l4xx_it.o
 .debug_str     0x000cca20    0xc7ebf ./Core/Src/system_stm32l4xx.o
 .debug_str     0x000cca20    0xc91f8 ./Core/Src/voltage_calculations.o
 .debug_str     0x000cca20       0x94 ./Core/Startup/startup_stm32l432kcux.o
 .debug_str     0x000cca20    0xc884c ./Drivers/STM32L4xx_HAL_Driver/Src/stm32l4xx_hal.o
 .debug_str     0x000cca20    0xc8ca2 ./Drivers/STM32L4xx_HAL_Driver/Src/stm32l4xx_hal_adc.o
 .debug_str     0x000cca20    0xc8552 ./Drivers/STM32L4xx_HAL_Driver/Src/stm32l4xx_hal_can.o
 .debug_str     0x000cca20    0xc861f ./Drivers/STM32L4xx_HAL_Driver/Src/stm32l4xx_hal_cortex.o
 .debug_str     0x000cca20    0xc8126 ./Drivers/STM32L4xx_HAL_Driver/Src/stm32l4xx_hal_dma.o
 .debug_str     0x000cca20    0xc8033 ./Drivers/STM32L4xx_HAL_Driver/Src/stm32l4xx_hal_gpio.o
 .debug_str     0x000cca20    0xc8367 ./Drivers/STM32L4xx_HAL_Driver/Src/stm32l4xx_hal_pwr_ex.o
 .debug_str     0x000cca20    0xc84bf ./Drivers/STM32L4xx_HAL_Driver/Src/stm32l4xx_hal_rcc.o
 .debug_str     0x000cca20    0xc871f ./Drivers/STM32L4xx_HAL_Driver/Src/stm32l4xx_hal_rcc_ex.o
 .debug_str     0x000cca20    0xc86d7 ./Drivers/STM32L4xx_HAL_Driver/Src/stm32l4xx_hal_spi.o

.comment        0x00000000       0x43
 .comment       0x00000000       0x43 ./Core/Src/adc.o
                                 0x44 (size before relaxing)
 .comment       0x00000043       0x44 ./Core/Src/can.o
 .comment       0x00000043       0x44 ./Core/Src/dma.o
 .comment       0x00000043       0x44 ./Core/Src/gpio.o
 .comment       0x00000043       0x44 ./Core/Src/main.o
 .comment       0x00000043       0x44 ./Core/Src/mcp3204.o
 .comment       0x00000043       0x44 ./Core/Src/spi.o
 .comment       0x00000043       0x44 ./Core/Src/stm32l4xx_hal_msp.o
 .comment       0x00000043       0x44 ./Core/Src/stm32l4xx_it.o
 .comment       0x00000043       0x44 ./Core/Src/system_stm32l4xx.o
 .comment       0x00000043       0x44 ./Core/Src/voltage_calculations.o
 .comment       0x00000043       0x44 ./Drivers/STM32L4xx_HAL_Driver/Src/stm32l4xx_hal.o
 .comment       0x00000043       0x44 ./Drivers/STM32L4xx_HAL_Driver/Src/stm32l4xx_hal_adc.o
 .comment       0x00000043       0x44 ./Drivers/STM32L4xx_HAL_Driver/Src/stm32l4xx_hal_can.o
 .comment       0x00000043       0x44 ./Drivers/STM32L4xx_HAL_Driver/Src/stm32l4xx_hal_cortex.o
 .comment       0x00000043       0x44 ./Drivers/STM32L4xx_HAL_Driver/Src/stm32l4xx_hal_dma.o
 .comment       0x00000043       0x44 ./Drivers/STM32L4xx_HAL_Driver/Src/stm32l4xx_hal_gpio.o
 .comment       0x00000043       0x44 ./Drivers/STM32L4xx_HAL_Driver/Src/stm32l4xx_hal_pwr_ex.o
 .comment       0x00000043       0x44 ./Drivers/STM32L4xx_HAL_Driver/Src/stm32l4xx_hal_rcc.o
 .comment       0x00000043       0x44 ./Drivers/STM32L4xx_HAL_Driver/Src/stm32l4xx_hal_rcc_ex.o
 .comment       0x00000043       0x44 ./Drivers/STM32L4xx_HAL_Driver/Src/stm32l4xx_hal_spi.o

.debug_frame    0x00000000     0x36d4
 .debug_frame   0x00000000       0x80 ./Core/Src/adc.o
 .debug_frame   0x00000080       0x74 ./Core/Src/can.o
 .debug_frame   0x000000f4       0x34 ./Core/Src/dma.o
 .debug_frame   0x00000128       0x34 ./Core/Src/gpio.o
 .debug_frame   0x0000015c       0x68 ./Core/Src/main.o
 .debug_frame   0x000001c4      0x1b0 ./Core/Src/mcp3204.o
 .debug_frame   0x00000374       0x74 ./Core/Src/spi.o
 .debug_frame   0x000003e8       0x38 ./Core/Src/stm32l4xx_hal_msp.o
 .debug_frame   0x00000420      0x120 ./Core/Src/stm32l4xx_it.o
 .debug_frame   0x00000540       0x58 ./Core/Src/system_stm32l4xx.o
 .debug_frame   0x00000598      0x17c ./Core/Src/voltage_calculations.o
 .debug_frame   0x00000714      0x3dc ./Drivers/STM32L4xx_HAL_Driver/Src/stm32l4xx_hal.o
 .debug_frame   0x00000af0      0x9b0 ./Drivers/STM32L4xx_HAL_Driver/Src/stm32l4xx_hal_adc.o
 .debug_frame   0x000014a0      0x5a0 ./Drivers/STM32L4xx_HAL_Driver/Src/stm32l4xx_hal_can.o
 .debug_frame   0x00001a40      0x4e8 ./Drivers/STM32L4xx_HAL_Driver/Src/stm32l4xx_hal_cortex.o
 .debug_frame   0x00001f28      0x204 ./Drivers/STM32L4xx_HAL_Driver/Src/stm32l4xx_hal_dma.o
 .debug_frame   0x0000212c      0x14c ./Drivers/STM32L4xx_HAL_Driver/Src/stm32l4xx_hal_gpio.o
 .debug_frame   0x00002278      0x4a4 ./Drivers/STM32L4xx_HAL_Driver/Src/stm32l4xx_hal_pwr_ex.o
 .debug_frame   0x0000271c      0x21c ./Drivers/STM32L4xx_HAL_Driver/Src/stm32l4xx_hal_rcc.o
 .debug_frame   0x00002938      0x3d0 ./Drivers/STM32L4xx_HAL_Driver/Src/stm32l4xx_hal_rcc_ex.o
 .debug_frame   0x00002d08      0x860 ./Drivers/STM32L4xx_HAL_Driver/Src/stm32l4xx_hal_spi.o
 .debug_frame   0x00003568       0x20 /Applications/STM32CubeIDE.app/Contents/Eclipse/plugins/com.st.stm32cube.ide.mcu.externaltools.gnu-tools-for-stm32.13.3.rel1.macos64_1.0.0.202411102158/tools/bin/../lib/gcc/arm-none-eabi/13.3.1/../../../../arm-none-eabi/lib/thumb/v7e-m+fp/hard/libc_nano.a(libc_a-memset.o)
 .debug_frame   0x00003588       0x2c /Applications/STM32CubeIDE.app/Contents/Eclipse/plugins/com.st.stm32cube.ide.mcu.externaltools.gnu-tools-for-stm32.13.3.rel1.macos64_1.0.0.202411102158/tools/bin/../lib/gcc/arm-none-eabi/13.3.1/../../../../arm-none-eabi/lib/thumb/v7e-m+fp/hard/libc_nano.a(libc_a-init.o)
 .debug_frame   0x000035b4       0xac /Applications/STM32CubeIDE.app/Contents/Eclipse/plugins/com.st.stm32cube.ide.mcu.externaltools.gnu-tools-for-stm32.13.3.rel1.macos64_1.0.0.202411102158/tools/bin/../lib/gcc/arm-none-eabi/13.3.1/thumb/v7e-m+fp/hard/libgcc.a(_arm_addsubdf3.o)
 .debug_frame   0x00003660       0x50 /Applications/STM32CubeIDE.app/Contents/Eclipse/plugins/com.st.stm32cube.ide.mcu.externaltools.gnu-tools-for-stm32.13.3.rel1.macos64_1.0.0.202411102158/tools/bin/../lib/gcc/arm-none-eabi/13.3.1/thumb/v7e-m+fp/hard/libgcc.a(_arm_muldivdf3.o)
 .debug_frame   0x000036b0       0x24 /Applications/STM32CubeIDE.app/Contents/Eclipse/plugins/com.st.stm32cube.ide.mcu.externaltools.gnu-tools-for-stm32.13.3.rel1.macos64_1.0.0.202411102158/tools/bin/../lib/gcc/arm-none-eabi/13.3.1/thumb/v7e-m+fp/hard/libgcc.a(_arm_truncdfsf2.o)

.debug_line_str
                0x00000000       0x78
 .debug_line_str
                0x00000000       0x78 ./Core/Startup/startup_stm32l432kcux.o
