../Core/Src/voltage_calculations.c:39:6:moduleStartup	16	static
../Core/Src/voltage_calculations.c:54:6:computeAllVoltages	8	static
../Core/Src/voltage_calculations.c:74:6:computeAllTemps	8	static
../Core/Src/voltage_calculations.c:101:6:computeSTM_ADC_Voltages	16	static
../Core/Src/voltage_calculations.c:107:7:voltageToTemp	40	static
../Core/Src/voltage_calculations.c:129:6:getLowestTemp	16	static
../Core/Src/voltage_calculations.c:137:6:getHighestTemp	16	static
../Core/Src/voltage_calculations.c:145:6:getAverageTemp	16	static
../Core/Src/voltage_calculations.c:161:6:formAddressDataframe	16	static
../Core/Src/voltage_calculations.c:173:6:formThermistorDataframe	32	static
