../Core/Src/voltage_calculations.c:34:6:computeAllVoltages	8	static
../Core/Src/voltage_calculations.c:54:6:computeAllTemps	8	static
../Core/Src/voltage_calculations.c:81:6:computeSTM_ADC_Voltages	16	static
../Core/Src/voltage_calculations.c:87:7:voltageToTemp	40	static
../Core/Src/voltage_calculations.c:109:6:getLowestTemp	16	static
../Core/Src/voltage_calculations.c:117:6:getHighestTemp	16	static
../Core/Src/voltage_calculations.c:125:6:getAverageTemp	16	static
../Core/Src/voltage_calculations.c:134:6:formAddressDataframe	16	static
../Core/Src/voltage_calculations.c:145:6:formThermistorDataframe	32	static
